[     900ms] [WARNING] An iframe which has both allow-scripts and allow-same-origin for its sandbox attribute can escape its sandboxing. @ about:blank:0
[    1082ms] [WARNING] The PerformanceObserver does not support buffered flag with the entryTypes argument. @ https://ir.ebaystatic.com/rs/c/r1vinode/_DNHzd5MO.js:0
[    1087ms] [LOG] {h: 418, w: 1357} @ https://ir.ebaystatic.com/rs/c/r1vinode/item_evo-ntVNJeCI.js:7
[    1500ms] [WARNING] [GPT] PubAdsService.collapseEmptyDivs is deprecated, use googletag.setConfig({collapseDiv: ...}) instead.
https://goo.gle/gpt-message#170 @ https://securepubads.g.doubleclick.net/pagead/managed/js/gpt/m202604290101/pubads_impl.js:18
[    1502ms] [WARNING] [GPT] Slot.setTargeting is deprecated, use Slot.setConfig({targeting: ...}) instead.
https://goo.gle/gpt-message#171 @ https://securepubads.g.doubleclick.net/pagead/managed/js/gpt/m202604290101/pubads_impl.js:18
[    1938ms] [WARNING] Mixed Content: The page at 'https://a43f4fe45ef2586f932ed24661128657.safeframe.googlesyndication.com/safeframe/1-0-45/html/container.html' was loaded over HTTPS, but requested an insecure element 'http://rtm.ebaystatic.com/205/RTMS/Image/1602_TopRight_Collections_RTM_300x250_IE.jpg'. This request was automatically upgraded to HTTPS, For more information see https://blog.chromium.org/2019/10/no-more-mixed-messages-about-https.html @ https://a43f4fe45ef2586f932ed24661128657.safeframe.googlesyndication.com/safeframe/1-0-45/html/container.html:16
[    1939ms] [WARNING] Mixed Content: The page at 'https://a43f4fe45ef2586f932ed24661128657.safeframe.googlesyndication.com/safeframe/1-0-45/html/container.html' was loaded over HTTPS, but requested an insecure element 'http://rtm.ebaystatic.com/205/RTMS/Image/1602_TopRight_Collections_RTM_300x250_IE.jpg'. This request was automatically upgraded to HTTPS, For more information see https://blog.chromium.org/2019/10/no-more-mixed-messages-about-https.html @ https://a43f4fe45ef2586f932ed24661128657.safeframe.googlesyndication.com/safeframe/1-0-45/html/container.html:0
[    1988ms] [ERROR] Failed to load resource: net::ERR_NAME_NOT_RESOLVED @ https://rtm.ebaystatic.com/205/RTMS/Image/1602_TopRight_Collections_RTM_300x250_IE.jpg:0
[    1938ms] [WARNING] Mixed Content: The page at 'https://a43f4fe45ef2586f932ed24661128657.safeframe.googlesyndication.com/safeframe/1-0-45/html/container.html' was loaded over HTTPS, but requested an insecure element 'http://rtm.ebaystatic.com/205/RTMS/Image/1602_TopRight_Collections_RTM_300x250_IE.jpg'. This request was automatically upgraded to HTTPS, For more information see https://blog.chromium.org/2019/10/no-more-mixed-messages-about-https.html @ https://a43f4fe45ef2586f932ed24661128657.safeframe.googlesyndication.com/safeframe/1-0-45/html/container.html:16
[    1939ms] [WARNING] Mixed Content: The page at 'https://a43f4fe45ef2586f932ed24661128657.safeframe.googlesyndication.com/safeframe/1-0-45/html/container.html' was loaded over HTTPS, but requested an insecure element 'http://rtm.ebaystatic.com/205/RTMS/Image/1602_TopRight_Collections_RTM_300x250_IE.jpg'. This request was automatically upgraded to HTTPS, For more information see https://blog.chromium.org/2019/10/no-more-mixed-messages-about-https.html @ https://a43f4fe45ef2586f932ed24661128657.safeframe.googlesyndication.com/safeframe/1-0-45/html/container.html:0
[    1988ms] [ERROR] Failed to load resource: net::ERR_NAME_NOT_RESOLVED @ https://rtm.ebaystatic.com/205/RTMS/Image/1602_TopRight_Collections_RTM_300x250_IE.jpg:0
[    2088ms] [ERROR] Attestation check for Shared Storage on https://www.googleadservices.com failed. @ https://www.googleadservices.com/pagead/managed/js/activeview/current/reach_worklet.html:0
[    2092ms] [ERROR] Attestation check for Shared Storage on https://www.googleadservices.com failed. @ https://www.googleadservices.com/pagead/managed/js/activeview/current/reach_worklet.html:0
[    2088ms] [ERROR] Attestation check for Shared Storage on https://www.googleadservices.com failed. @ https://www.googleadservices.com/pagead/managed/js/activeview/current/reach_worklet.html:0
[    2092ms] [ERROR] Attestation check for Shared Storage on https://www.googleadservices.com failed. @ https://www.googleadservices.com/pagead/managed/js/activeview/current/reach_worklet.html:0
[    2152ms] [ERROR] Attestation check for Shared Storage on https://www.googleadservices.com failed. @ https://www.googleadservices.com/pagead/managed/js/activeview/current/reach_worklet.html:0
[    4084ms] [WARNING] The resource https://ir.ebaystatic.com/cr/v/c1/market-sans/v1.0/MarketSans-Regular-WebS.woff2 was preloaded using link preload but not used within a few seconds from the window's load event. Please make sure it has an appropriate `as` value and it is preloaded intentionally. @ https://itm.ebaydesc.com/itmdesc/236167729747?t=0&category=27386&seller=turbotradejp&excSoj=1&ver=1&excTrk=1&lsite=0&ittenable=false&domain=ebay.com&descgauge=1&cspheader=1&oneClk=2&secureDesc=1:0
[11179320ms] [LOG] Meter provider shut down successfully @ https://ir.ebaystatic.com/cr/ebay-rum/cdn-assets/metrics.ebb041e86c5338dbe8f6.bundle.js:0
[11179329ms] [ERROR] The source list for the Content Security Policy directive 'connect-src' contains an invalid source: '.ucweb.com'. It will be ignored. @ https://cart.ebay.ie/:0
[11179955ms] [WARNING] The PerformanceObserver does not support buffered flag with the entryTypes argument. @ https://ir.ebaystatic.com/rs/c/cartfe/vendor.desktop.dfa5b6899d73f1f1ae64.js:1
[11180479ms] [ERROR] The source list for the Content Security Policy directive 'connect-src' contains an invalid source: '.ucweb.com'. It will be ignored. @ https://ir.ebaystatic.com/cr/v/c1/globalheader_widget_platform__v2-b70676194b.js:1
[11180497ms] [ERROR] The source list for the Content Security Policy directive 'connect-src' contains an invalid source: '.ucweb.com'. It will be ignored. @ :102
