[    4623ms] [ERROR] Error logged with the Track&Report JS errors API(http://tiny/1covqr6l8/wamazindeClieUserJava): {"m":"Late loading module @m/mash","csm":"v5 ueLogError callee","logLevel":"WARN","attribution":"MIX","pageURL":"https://www.amazon.ie/","s":[],"t":3541} {m: Late loading module @m/mash, name: undefined, type: undefined, csm: v5 ueLogError callee, logLevel: WARN} @ https://images-eu.ssl-images-amazon.com/images/I/215h87l68bL.js:3
[    8647ms] [VERBOSE] [DOM] Input elements should have autocomplete attributes (suggested: "current-password"): (More info: https://goo.gl/9p2vKq) %o @ https://www.amazon.ie/ap/signin?openid.return_to=https%3A%2F%2Fwww.amazon.ie%2F%3Fref_%3Dnav_ya_signin&openid.identity=http%3A%2F%2Fspecs.openid.net%2Fauth%2F2.0%2Fidentifier_select&openid.assoc_handle=ieflex&openid.mode=checkid_setup&openid.claimed_id=http%3A%2F%2Fspecs.openid.net%2Fauth%2F2.0%2Fidentifier_select&openid.ns=http%3A%2F%2Fspecs.openid.net%2Fauth%2F2.0:0
[   16792ms] [WARNING] AbortFromContinueButtonClick @ https://m.media-amazon.com/images/I/71lBQVKaNZL.js?AUIClients/IdentityWebAuthnAssets:345
[   16792ms] [ERROR] Unable to publish metrics Error: Expected field name to be a string, but it was a undefined
    at c.default (https://m.media-amazon.com/images/I/71lBQVKaNZL.js?AUIClients/IdentityWebAuthnAssets:142:83)
    at b.value (https://m.media-amazon.com/images/I/71lBQVKaNZL.js?AUIClients/IdentityWebAuthnAssets:162:216)
    at b.value (https://m.media-amazon.com/images/I/71lBQVKaNZL.js?AUIClients/IdentityWebAuthnAssets:167:386)
    at https://m.media-amazon.com/images/I/71lBQVKaNZL.js?AUIClients/IdentityWebAuthnAssets:135:303
    at a.value (https://m.media-amazon.com/images/I/71lBQVKaNZL.js?AUIClients/IdentityWebAuthnAssets:134:161)
    at a.value (https://m.media-amazon.com/images/I/71lBQVKaNZL.js?AUIClients/IdentityWebAuthnAssets:135:50)
    at a.value (https://m.media-amazon.com/images/I/71lBQVKaNZL.js?AUIClients/IdentityWebAuthnAssets:138:169)
    at a.value (https://m.media-amazon.com/images/I/71lBQVKaNZL.js?AUIClients/IdentityWebAuthnAssets:19:245)
    at a.value (https://m.media-amazon.com/images/I/71lBQVKaNZL.js?AUIClients/IdentityWebAuthnAssets:423:232)
    at a.value (https://m.media-amazon.com/images/I/71lBQVKaNZL.js?AUIClients/IdentityWebAuthnAssets:421:461) @ https://m.media-amazon.com/images/I/71lBQVKaNZL.js?AUIClients/IdentityWebAuthnAssets:15
[   37774ms] [VERBOSE] [DOM] Input elements should have autocomplete attributes (suggested: "current-password"): (More info: https://goo.gl/9p2vKq) %o @ https://www.amazon.ie/ap/signin?openid.pape.max_auth_age=0&openid.identity=http%3A%2F%2Fspecs.openid.net%2Fauth%2F2.0%2Fidentifier_select&signInRedirectToFPPThreshold=5&pageId=ieflex&useSHuMAWorkflow=false&openid.return_to=https%3A%2F%2Fwww.amazon.ie%2F%3Fref_%3Dnav_ya_signin&prevRID=VQQWEZVA32AZVM6B349R&openid.assoc_handle=ieflex&openid.mode=checkid_setup&prepopulatedLoginId=eyJjaXBoZXIiOiJ0akNHZ2dYOGlRT0ZTaGxFazcyZ0NJU2ZpeXRKZWoyQnRsNkFIOG1oWmE0PSIsIklWIjoiU0JYMVI3YzRjQTRQd0k3WUhTZVlFdz09IiwidmVyc2lvbiI6M30%3D&failedSignInCount=0&openid.claimed_id=http%3A%2F%2Fspecs.openid.net%2Fauth%2F2.0%2Fidentifier_select&openid.ns=http%3A%2F%2Fspecs.openid.net%2Fauth%2F2.0&ref_=ap_pwd_change:0
[   40183ms] [WARNING] AbortFromContinueButtonClick @ https://m.media-amazon.com/images/I/71lBQVKaNZL.js?AUIClients/IdentityWebAuthnAssets:345
[   40183ms] [ERROR] Unable to publish metrics Error: Expected field name to be a string, but it was a undefined
    at c.default (https://m.media-amazon.com/images/I/71lBQVKaNZL.js?AUIClients/IdentityWebAuthnAssets:142:83)
    at b.value (https://m.media-amazon.com/images/I/71lBQVKaNZL.js?AUIClients/IdentityWebAuthnAssets:162:216)
    at b.value (https://m.media-amazon.com/images/I/71lBQVKaNZL.js?AUIClients/IdentityWebAuthnAssets:167:386)
    at https://m.media-amazon.com/images/I/71lBQVKaNZL.js?AUIClients/IdentityWebAuthnAssets:135:303
    at a.value (https://m.media-amazon.com/images/I/71lBQVKaNZL.js?AUIClients/IdentityWebAuthnAssets:134:161)
    at a.value (https://m.media-amazon.com/images/I/71lBQVKaNZL.js?AUIClients/IdentityWebAuthnAssets:135:50)
    at a.value (https://m.media-amazon.com/images/I/71lBQVKaNZL.js?AUIClients/IdentityWebAuthnAssets:138:169)
    at a.value (https://m.media-amazon.com/images/I/71lBQVKaNZL.js?AUIClients/IdentityWebAuthnAssets:19:245)
    at a.value (https://m.media-amazon.com/images/I/71lBQVKaNZL.js?AUIClients/IdentityWebAuthnAssets:423:232)
    at a.value (https://m.media-amazon.com/images/I/71lBQVKaNZL.js?AUIClients/IdentityWebAuthnAssets:421:461) @ https://m.media-amazon.com/images/I/71lBQVKaNZL.js?AUIClients/IdentityWebAuthnAssets:15
[   43103ms] [WARNING] SecurityError: The relying party ID is not a registrable domain suffix of, nor equal to the current domain. Subsequently, fetching the .well-known/webauthn resource of the claimed RP ID was successful, but no listed origin matched the caller. @ https://m.media-amazon.com/images/I/71lBQVKaNZL.js?AUIClients/IdentityWebAuthnAssets:345
[   87399ms] [WARNING] The resource https://redirect.prod.experiment.routing.cloudfront.aws.a2z.com/x.png?timestamp=1778085793265 was preloaded using link preload but not used within a few seconds from the window's load event. Please make sure it has an appropriate `as` value and it is preloaded intentionally. @ https://www.amazon.ie/?ref_=nav_ya_signin:0
[   92463ms] [WARNING] The resource https://redirect.prod.experiment.routing.cloudfront.aws.a2z.com/x.png?timestamp=1778085793265 was preloaded using link preload but not used within a few seconds from the window's load event. Please make sure it has an appropriate `as` value and it is preloaded intentionally. @ https://www.amazon.ie/?ref_=nav_ya_signin:0
[  100183ms] [WARNING] The resource https://redirect.prod.experiment.routing.cloudfront.aws.a2z.com/x.png?timestamp=1778085793265 was preloaded using link preload but not used within a few seconds from the window's load event. Please make sure it has an appropriate `as` value and it is preloaded intentionally. @ https://www.amazon.ie/?ref_=nav_ya_signin:0
[  105246ms] [WARNING] The resource https://redirect.prod.experiment.routing.cloudfront.aws.a2z.com/x.png?timestamp=1778085793265 was preloaded using link preload but not used within a few seconds from the window's load event. Please make sure it has an appropriate `as` value and it is preloaded intentionally. @ https://www.amazon.ie/?ref_=nav_ya_signin:0
[  108708ms] [WARNING] The resource https://redirect.prod.experiment.routing.cloudfront.aws.a2z.com/x.png?timestamp=1778085793265 was preloaded using link preload but not used within a few seconds from the window's load event. Please make sure it has an appropriate `as` value and it is preloaded intentionally. @ https://www.amazon.ie/?ref_=nav_ya_signin:0
[  119128ms] [WARNING] The resource https://redirect.prod.experiment.routing.cloudfront.aws.a2z.com/x.png?timestamp=1778085793265 was preloaded using link preload but not used within a few seconds from the window's load event. Please make sure it has an appropriate `as` value and it is preloaded intentionally. @ https://www.amazon.ie/?ref_=nav_ya_signin:0
[  135044ms] [WARNING] The resource https://redirect.prod.experiment.routing.cloudfront.aws.a2z.com/x.png?timestamp=1778085793265 was preloaded using link preload but not used within a few seconds from the window's load event. Please make sure it has an appropriate `as` value and it is preloaded intentionally. @ https://www.amazon.ie/?ref_=nav_ya_signin:0
[  140108ms] [WARNING] The resource https://redirect.prod.experiment.routing.cloudfront.aws.a2z.com/x.png?timestamp=1778085793265 was preloaded using link preload but not used within a few seconds from the window's load event. Please make sure it has an appropriate `as` value and it is preloaded intentionally. @ https://www.amazon.ie/?ref_=nav_ya_signin:0
[  143566ms] [WARNING] The resource https://redirect.prod.experiment.routing.cloudfront.aws.a2z.com/x.png?timestamp=1778085793265 was preloaded using link preload but not used within a few seconds from the window's load event. Please make sure it has an appropriate `as` value and it is preloaded intentionally. @ https://www.amazon.ie/?ref_=nav_ya_signin:0
[  148466ms] [WARNING] The resource https://redirect.prod.experiment.routing.cloudfront.aws.a2z.com/x.png?timestamp=1778085793265 was preloaded using link preload but not used within a few seconds from the window's load event. Please make sure it has an appropriate `as` value and it is preloaded intentionally. @ https://www.amazon.ie/?ref_=nav_ya_signin:0
[  152086ms] [WARNING] The resource https://redirect.prod.experiment.routing.cloudfront.aws.a2z.com/x.png?timestamp=1778085793265 was preloaded using link preload but not used within a few seconds from the window's load event. Please make sure it has an appropriate `as` value and it is preloaded intentionally. @ https://www.amazon.ie/?ref_=nav_ya_signin:0
[  157149ms] [WARNING] The resource https://redirect.prod.experiment.routing.cloudfront.aws.a2z.com/x.png?timestamp=1778085793265 was preloaded using link preload but not used within a few seconds from the window's load event. Please make sure it has an appropriate `as` value and it is preloaded intentionally. @ https://www.amazon.ie/?ref_=nav_ya_signin:0
[  160609ms] [WARNING] The resource https://redirect.prod.experiment.routing.cloudfront.aws.a2z.com/x.png?timestamp=1778085793265 was preloaded using link preload but not used within a few seconds from the window's load event. Please make sure it has an appropriate `as` value and it is preloaded intentionally. @ https://www.amazon.ie/?ref_=nav_ya_signin:0
[  165738ms] [WARNING] The resource https://redirect.prod.experiment.routing.cloudfront.aws.a2z.com/x.png?timestamp=1778085793265 was preloaded using link preload but not used within a few seconds from the window's load event. Please make sure it has an appropriate `as` value and it is preloaded intentionally. @ https://www.amazon.ie/?ref_=nav_ya_signin:0
[  169133ms] [WARNING] The resource https://redirect.prod.experiment.routing.cloudfront.aws.a2z.com/x.png?timestamp=1778085793265 was preloaded using link preload but not used within a few seconds from the window's load event. Please make sure it has an appropriate `as` value and it is preloaded intentionally. @ https://www.amazon.ie/?ref_=nav_ya_signin:0
[  174195ms] [WARNING] The resource https://redirect.prod.experiment.routing.cloudfront.aws.a2z.com/x.png?timestamp=1778085793265 was preloaded using link preload but not used within a few seconds from the window's load event. Please make sure it has an appropriate `as` value and it is preloaded intentionally. @ https://www.amazon.ie/?ref_=nav_ya_signin:0
[  177652ms] [WARNING] The resource https://redirect.prod.experiment.routing.cloudfront.aws.a2z.com/x.png?timestamp=1778085793265 was preloaded using link preload but not used within a few seconds from the window's load event. Please make sure it has an appropriate `as` value and it is preloaded intentionally. @ https://www.amazon.ie/?ref_=nav_ya_signin:0
[  182720ms] [WARNING] The resource https://redirect.prod.experiment.routing.cloudfront.aws.a2z.com/x.png?timestamp=1778085793265 was preloaded using link preload but not used within a few seconds from the window's load event. Please make sure it has an appropriate `as` value and it is preloaded intentionally. @ https://www.amazon.ie/?ref_=nav_ya_signin:0
[  190438ms] [WARNING] The resource https://redirect.prod.experiment.routing.cloudfront.aws.a2z.com/x.png?timestamp=1778085793265 was preloaded using link preload but not used within a few seconds from the window's load event. Please make sure it has an appropriate `as` value and it is preloaded intentionally. @ https://www.amazon.ie/?ref_=nav_ya_signin:0
[  195491ms] [WARNING] The resource https://redirect.prod.experiment.routing.cloudfront.aws.a2z.com/x.png?timestamp=1778085793265 was preloaded using link preload but not used within a few seconds from the window's load event. Please make sure it has an appropriate `as` value and it is preloaded intentionally. @ https://www.amazon.ie/?ref_=nav_ya_signin:0
[  198948ms] [WARNING] The resource https://redirect.prod.experiment.routing.cloudfront.aws.a2z.com/x.png?timestamp=1778085793265 was preloaded using link preload but not used within a few seconds from the window's load event. Please make sure it has an appropriate `as` value and it is preloaded intentionally. @ https://www.amazon.ie/?ref_=nav_ya_signin:0
[  204043ms] [WARNING] The resource https://redirect.prod.experiment.routing.cloudfront.aws.a2z.com/x.png?timestamp=1778085793265 was preloaded using link preload but not used within a few seconds from the window's load event. Please make sure it has an appropriate `as` value and it is preloaded intentionally. @ https://www.amazon.ie/?ref_=nav_ya_signin:0
[  207470ms] [WARNING] The resource https://redirect.prod.experiment.routing.cloudfront.aws.a2z.com/x.png?timestamp=1778085793265 was preloaded using link preload but not used within a few seconds from the window's load event. Please make sure it has an appropriate `as` value and it is preloaded intentionally. @ https://www.amazon.ie/?ref_=nav_ya_signin:0
[  212529ms] [WARNING] The resource https://redirect.prod.experiment.routing.cloudfront.aws.a2z.com/x.png?timestamp=1778085793265 was preloaded using link preload but not used within a few seconds from the window's load event. Please make sure it has an appropriate `as` value and it is preloaded intentionally. @ https://www.amazon.ie/?ref_=nav_ya_signin:0
[  215993ms] [WARNING] The resource https://redirect.prod.experiment.routing.cloudfront.aws.a2z.com/x.png?timestamp=1778085793265 was preloaded using link preload but not used within a few seconds from the window's load event. Please make sure it has an appropriate `as` value and it is preloaded intentionally. @ https://www.amazon.ie/?ref_=nav_ya_signin:0
[  221045ms] [WARNING] The resource https://redirect.prod.experiment.routing.cloudfront.aws.a2z.com/x.png?timestamp=1778085793265 was preloaded using link preload but not used within a few seconds from the window's load event. Please make sure it has an appropriate `as` value and it is preloaded intentionally. @ https://www.amazon.ie/?ref_=nav_ya_signin:0
[  224512ms] [WARNING] The resource https://redirect.prod.experiment.routing.cloudfront.aws.a2z.com/x.png?timestamp=1778085793265 was preloaded using link preload but not used within a few seconds from the window's load event. Please make sure it has an appropriate `as` value and it is preloaded intentionally. @ https://www.amazon.ie/?ref_=nav_ya_signin:0
[  229586ms] [WARNING] The resource https://redirect.prod.experiment.routing.cloudfront.aws.a2z.com/x.png?timestamp=1778085793265 was preloaded using link preload but not used within a few seconds from the window's load event. Please make sure it has an appropriate `as` value and it is preloaded intentionally. @ https://www.amazon.ie/?ref_=nav_ya_signin:0
[  233040ms] [WARNING] The resource https://redirect.prod.experiment.routing.cloudfront.aws.a2z.com/x.png?timestamp=1778085793265 was preloaded using link preload but not used within a few seconds from the window's load event. Please make sure it has an appropriate `as` value and it is preloaded intentionally. @ https://www.amazon.ie/?ref_=nav_ya_signin:0
[  238123ms] [WARNING] The resource https://redirect.prod.experiment.routing.cloudfront.aws.a2z.com/x.png?timestamp=1778085793265 was preloaded using link preload but not used within a few seconds from the window's load event. Please make sure it has an appropriate `as` value and it is preloaded intentionally. @ https://www.amazon.ie/?ref_=nav_ya_signin:0
[  241563ms] [WARNING] The resource https://redirect.prod.experiment.routing.cloudfront.aws.a2z.com/x.png?timestamp=1778085793265 was preloaded using link preload but not used within a few seconds from the window's load event. Please make sure it has an appropriate `as` value and it is preloaded intentionally. @ https://www.amazon.ie/?ref_=nav_ya_signin:0
[  245825ms] [WARNING] The resource https://redirect.prod.experiment.routing.cloudfront.aws.a2z.com/x.png?timestamp=1778085793265 was preloaded using link preload but not used within a few seconds from the window's load event. Please make sure it has an appropriate `as` value and it is preloaded intentionally. @ https://www.amazon.ie/?ref_=nav_ya_signin:0
[  250893ms] [WARNING] The resource https://redirect.prod.experiment.routing.cloudfront.aws.a2z.com/x.png?timestamp=1778085793265 was preloaded using link preload but not used within a few seconds from the window's load event. Please make sure it has an appropriate `as` value and it is preloaded intentionally. @ https://www.amazon.ie/?ref_=nav_ya_signin:0
[  254349ms] [WARNING] The resource https://redirect.prod.experiment.routing.cloudfront.aws.a2z.com/x.png?timestamp=1778085793265 was preloaded using link preload but not used within a few seconds from the window's load event. Please make sure it has an appropriate `as` value and it is preloaded intentionally. @ https://www.amazon.ie/?ref_=nav_ya_signin:0
[  259407ms] [WARNING] The resource https://redirect.prod.experiment.routing.cloudfront.aws.a2z.com/x.png?timestamp=1778085793265 was preloaded using link preload but not used within a few seconds from the window's load event. Please make sure it has an appropriate `as` value and it is preloaded intentionally. @ https://www.amazon.ie/?ref_=nav_ya_signin:0
[  262874ms] [WARNING] The resource https://redirect.prod.experiment.routing.cloudfront.aws.a2z.com/x.png?timestamp=1778085793265 was preloaded using link preload but not used within a few seconds from the window's load event. Please make sure it has an appropriate `as` value and it is preloaded intentionally. @ https://www.amazon.ie/?ref_=nav_ya_signin:0
[  267995ms] [WARNING] The resource https://redirect.prod.experiment.routing.cloudfront.aws.a2z.com/x.png?timestamp=1778085793265 was preloaded using link preload but not used within a few seconds from the window's load event. Please make sure it has an appropriate `as` value and it is preloaded intentionally. @ https://www.amazon.ie/?ref_=nav_ya_signin:0
[  271394ms] [WARNING] The resource https://redirect.prod.experiment.routing.cloudfront.aws.a2z.com/x.png?timestamp=1778085793265 was preloaded using link preload but not used within a few seconds from the window's load event. Please make sure it has an appropriate `as` value and it is preloaded intentionally. @ https://www.amazon.ie/?ref_=nav_ya_signin:0
[  276446ms] [WARNING] The resource https://redirect.prod.experiment.routing.cloudfront.aws.a2z.com/x.png?timestamp=1778085793265 was preloaded using link preload but not used within a few seconds from the window's load event. Please make sure it has an appropriate `as` value and it is preloaded intentionally. @ https://www.amazon.ie/?ref_=nav_ya_signin:0
[  279918ms] [WARNING] The resource https://redirect.prod.experiment.routing.cloudfront.aws.a2z.com/x.png?timestamp=1778085793265 was preloaded using link preload but not used within a few seconds from the window's load event. Please make sure it has an appropriate `as` value and it is preloaded intentionally. @ https://www.amazon.ie/?ref_=nav_ya_signin:0
