[    1215ms] [LOG] Meter provider shut down successfully @ https://ir.ebaystatic.com/cr/ebay-rum/cdn-assets/metrics.ebb041e86c5338dbe8f6.bundle.js:0
[    1342ms] [WARNING] An iframe which has both allow-scripts and allow-same-origin for its sandbox attribute can escape its sandboxing. @ about:blank:0
[    1855ms] [WARNING] The PerformanceObserver does not support buffered flag with the entryTypes argument. @ https://ir.ebaystatic.com/rs/c/r1vinode/_DNHzd5MO.js:0
[    1872ms] [LOG] {h: 1263, w: 1099} @ https://ir.ebaystatic.com/rs/c/r1vinode/item_evo-ntVNJeCI.js:7
[    2224ms] [WARNING] [GPT] PubAdsService.collapseEmptyDivs is deprecated, use googletag.setConfig({collapseDiv: ...}) instead.
https://goo.gle/gpt-message#170 @ https://securepubads.g.doubleclick.net/pagead/managed/js/gpt/m202604290101/pubads_impl.js:18
[    2225ms] [WARNING] [GPT] Slot.setTargeting is deprecated, use Slot.setConfig({targeting: ...}) instead.
https://goo.gle/gpt-message#171 @ https://securepubads.g.doubleclick.net/pagead/managed/js/gpt/m202604290101/pubads_impl.js:18
[    2517ms] [WARNING] Mixed Content: The page at 'https://89d738b3f18400436e4b4668f3a475a2.safeframe.googlesyndication.com/safeframe/1-0-45/html/container.html' was loaded over HTTPS, but requested an insecure element 'http://rtm.ebaystatic.com/205/RTMS/Image/1602_TopRight_Collections_RTM_300x250_IE.jpg'. This request was automatically upgraded to HTTPS, For more information see https://blog.chromium.org/2019/10/no-more-mixed-messages-about-https.html @ https://89d738b3f18400436e4b4668f3a475a2.safeframe.googlesyndication.com/safeframe/1-0-45/html/container.html:16
[    2517ms] [WARNING] Mixed Content: The page at 'https://89d738b3f18400436e4b4668f3a475a2.safeframe.googlesyndication.com/safeframe/1-0-45/html/container.html' was loaded over HTTPS, but requested an insecure element 'http://rtm.ebaystatic.com/205/RTMS/Image/1602_TopRight_Collections_RTM_300x250_IE.jpg'. This request was automatically upgraded to HTTPS, For more information see https://blog.chromium.org/2019/10/no-more-mixed-messages-about-https.html @ https://89d738b3f18400436e4b4668f3a475a2.safeframe.googlesyndication.com/safeframe/1-0-45/html/container.html:0
[    2543ms] [ERROR] Attestation check for Shared Storage on https://www.googleadservices.com failed. @ https://www.googleadservices.com/pagead/managed/js/activeview/current/reach_worklet.html:0
[    2566ms] [ERROR] Failed to load resource: net::ERR_NAME_NOT_RESOLVED @ https://rtm.ebaystatic.com/205/RTMS/Image/1602_TopRight_Collections_RTM_300x250_IE.jpg:0
[    2517ms] [WARNING] Mixed Content: The page at 'https://89d738b3f18400436e4b4668f3a475a2.safeframe.googlesyndication.com/safeframe/1-0-45/html/container.html' was loaded over HTTPS, but requested an insecure element 'http://rtm.ebaystatic.com/205/RTMS/Image/1602_TopRight_Collections_RTM_300x250_IE.jpg'. This request was automatically upgraded to HTTPS, For more information see https://blog.chromium.org/2019/10/no-more-mixed-messages-about-https.html @ https://89d738b3f18400436e4b4668f3a475a2.safeframe.googlesyndication.com/safeframe/1-0-45/html/container.html:16
[    2517ms] [WARNING] Mixed Content: The page at 'https://89d738b3f18400436e4b4668f3a475a2.safeframe.googlesyndication.com/safeframe/1-0-45/html/container.html' was loaded over HTTPS, but requested an insecure element 'http://rtm.ebaystatic.com/205/RTMS/Image/1602_TopRight_Collections_RTM_300x250_IE.jpg'. This request was automatically upgraded to HTTPS, For more information see https://blog.chromium.org/2019/10/no-more-mixed-messages-about-https.html @ https://89d738b3f18400436e4b4668f3a475a2.safeframe.googlesyndication.com/safeframe/1-0-45/html/container.html:0
[    2566ms] [ERROR] Failed to load resource: net::ERR_NAME_NOT_RESOLVED @ https://rtm.ebaystatic.com/205/RTMS/Image/1602_TopRight_Collections_RTM_300x250_IE.jpg:0
[    2543ms] [ERROR] Attestation check for Shared Storage on https://www.googleadservices.com failed. @ https://www.googleadservices.com/pagead/managed/js/activeview/current/reach_worklet.html:0
[    2732ms] [ERROR] Attestation check for Shared Storage on https://www.googleadservices.com failed. @ https://www.googleadservices.com/pagead/managed/js/activeview/current/reach_worklet.html:0
[    2517ms] [WARNING] Mixed Content: The page at 'https://89d738b3f18400436e4b4668f3a475a2.safeframe.googlesyndication.com/safeframe/1-0-45/html/container.html' was loaded over HTTPS, but requested an insecure element 'http://rtm.ebaystatic.com/205/RTMS/Image/1602_TopRight_Collections_RTM_300x250_IE.jpg'. This request was automatically upgraded to HTTPS, For more information see https://blog.chromium.org/2019/10/no-more-mixed-messages-about-https.html @ https://89d738b3f18400436e4b4668f3a475a2.safeframe.googlesyndication.com/safeframe/1-0-45/html/container.html:16
[    2517ms] [WARNING] Mixed Content: The page at 'https://89d738b3f18400436e4b4668f3a475a2.safeframe.googlesyndication.com/safeframe/1-0-45/html/container.html' was loaded over HTTPS, but requested an insecure element 'http://rtm.ebaystatic.com/205/RTMS/Image/1602_TopRight_Collections_RTM_300x250_IE.jpg'. This request was automatically upgraded to HTTPS, For more information see https://blog.chromium.org/2019/10/no-more-mixed-messages-about-https.html @ https://89d738b3f18400436e4b4668f3a475a2.safeframe.googlesyndication.com/safeframe/1-0-45/html/container.html:0
[    2566ms] [ERROR] Failed to load resource: net::ERR_NAME_NOT_RESOLVED @ https://rtm.ebaystatic.com/205/RTMS/Image/1602_TopRight_Collections_RTM_300x250_IE.jpg:0
[    2543ms] [ERROR] Attestation check for Shared Storage on https://www.googleadservices.com failed. @ https://www.googleadservices.com/pagead/managed/js/activeview/current/reach_worklet.html:0
[    2732ms] [ERROR] Attestation check for Shared Storage on https://www.googleadservices.com failed. @ https://www.googleadservices.com/pagead/managed/js/activeview/current/reach_worklet.html:0
[    3059ms] [ERROR] Attestation check for Shared Storage on https://www.googleadservices.com failed. @ https://www.googleadservices.com/pagead/managed/js/activeview/current/reach_worklet.html:0
[    4862ms] [WARNING] The resource https://ir.ebaystatic.com/cr/v/c1/market-sans/v1.0/MarketSans-Regular-WebS.woff2 was preloaded using link preload but not used within a few seconds from the window's load event. Please make sure it has an appropriate `as` value and it is preloaded intentionally. @ https://itm.ebaydesc.com/itmdesc/397865912248?t=0&category=170083&seller=turborig&excSoj=1&ver=1&excTrk=1&lsite=3&ittenable=false&domain=ebay.com&descgauge=1&cspheader=1&oneClk=2&secureDesc=1:0
