[     826ms] [LOG] Meter provider shut down successfully @ https://ir.ebaystatic.com/cr/ebay-rum/cdn-assets/metrics.ebb041e86c5338dbe8f6.bundle.js:0
[     850ms] [WARNING] An iframe which has both allow-scripts and allow-same-origin for its sandbox attribute can escape its sandboxing. @ about:blank:0
[    1434ms] [WARNING] The PerformanceObserver does not support buffered flag with the entryTypes argument. @ https://ir.ebaystatic.com/rs/c/r1vinode/_DNHzd5MO.js:0
[    1439ms] [LOG] {h: 275, w: 1357} @ https://ir.ebaystatic.com/rs/c/r1vinode/item_evo-Di93CcFK.js:7
[    1758ms] [WARNING] [GPT] PubAdsService.collapseEmptyDivs is deprecated, use googletag.setConfig({collapseDiv: ...}) instead.
https://goo.gle/gpt-message#170 @ https://securepubads.g.doubleclick.net/pagead/managed/js/gpt/m202604290101/pubads_impl.js:18
[    1759ms] [WARNING] [GPT] Slot.setTargeting is deprecated, use Slot.setConfig({targeting: ...}) instead.
https://goo.gle/gpt-message#171 @ https://securepubads.g.doubleclick.net/pagead/managed/js/gpt/m202604290101/pubads_impl.js:18
[    2277ms] [ERROR] Attestation check for Shared Storage on https://www.googleadservices.com failed. @ https://www.googleadservices.com/pagead/managed/js/activeview/current/reach_worklet.html:0
[    2448ms] [WARNING] Mixed Content: The page at 'https://039b2d5b3d62091278d8f6301c3225fb.safeframe.googlesyndication.com/safeframe/1-0-45/html/container.html' was loaded over HTTPS, but requested an insecure element 'http://rtm.ebaystatic.com/205/RTMS/Image/1602_TopRight_Collections_RTM_300x250_IE.jpg'. This request was automatically upgraded to HTTPS, For more information see https://blog.chromium.org/2019/10/no-more-mixed-messages-about-https.html @ https://039b2d5b3d62091278d8f6301c3225fb.safeframe.googlesyndication.com/safeframe/1-0-45/html/container.html:16
[    2448ms] [WARNING] Mixed Content: The page at 'https://039b2d5b3d62091278d8f6301c3225fb.safeframe.googlesyndication.com/safeframe/1-0-45/html/container.html' was loaded over HTTPS, but requested an insecure element 'http://rtm.ebaystatic.com/205/RTMS/Image/1602_TopRight_Collections_RTM_300x250_IE.jpg'. This request was automatically upgraded to HTTPS, For more information see https://blog.chromium.org/2019/10/no-more-mixed-messages-about-https.html @ https://039b2d5b3d62091278d8f6301c3225fb.safeframe.googlesyndication.com/safeframe/1-0-45/html/container.html:0
[    2277ms] [ERROR] Attestation check for Shared Storage on https://www.googleadservices.com failed. @ https://www.googleadservices.com/pagead/managed/js/activeview/current/reach_worklet.html:0
[    2474ms] [ERROR] Attestation check for Shared Storage on https://www.googleadservices.com failed. @ https://www.googleadservices.com/pagead/managed/js/activeview/current/reach_worklet.html:0
[    2498ms] [ERROR] Failed to load resource: net::ERR_NAME_NOT_RESOLVED @ https://rtm.ebaystatic.com/205/RTMS/Image/1602_TopRight_Collections_RTM_300x250_IE.jpg:0
[    2448ms] [WARNING] Mixed Content: The page at 'https://039b2d5b3d62091278d8f6301c3225fb.safeframe.googlesyndication.com/safeframe/1-0-45/html/container.html' was loaded over HTTPS, but requested an insecure element 'http://rtm.ebaystatic.com/205/RTMS/Image/1602_TopRight_Collections_RTM_300x250_IE.jpg'. This request was automatically upgraded to HTTPS, For more information see https://blog.chromium.org/2019/10/no-more-mixed-messages-about-https.html @ https://039b2d5b3d62091278d8f6301c3225fb.safeframe.googlesyndication.com/safeframe/1-0-45/html/container.html:16
[    2448ms] [WARNING] Mixed Content: The page at 'https://039b2d5b3d62091278d8f6301c3225fb.safeframe.googlesyndication.com/safeframe/1-0-45/html/container.html' was loaded over HTTPS, but requested an insecure element 'http://rtm.ebaystatic.com/205/RTMS/Image/1602_TopRight_Collections_RTM_300x250_IE.jpg'. This request was automatically upgraded to HTTPS, For more information see https://blog.chromium.org/2019/10/no-more-mixed-messages-about-https.html @ https://039b2d5b3d62091278d8f6301c3225fb.safeframe.googlesyndication.com/safeframe/1-0-45/html/container.html:0
[    2498ms] [ERROR] Failed to load resource: net::ERR_NAME_NOT_RESOLVED @ https://rtm.ebaystatic.com/205/RTMS/Image/1602_TopRight_Collections_RTM_300x250_IE.jpg:0
[    2277ms] [ERROR] Attestation check for Shared Storage on https://www.googleadservices.com failed. @ https://www.googleadservices.com/pagead/managed/js/activeview/current/reach_worklet.html:0
[    2474ms] [ERROR] Attestation check for Shared Storage on https://www.googleadservices.com failed. @ https://www.googleadservices.com/pagead/managed/js/activeview/current/reach_worklet.html:0
[    2646ms] [ERROR] Attestation check for Shared Storage on https://www.googleadservices.com failed. @ https://www.googleadservices.com/pagead/managed/js/activeview/current/reach_worklet.html:0
[    4436ms] [WARNING] The resource https://ir.ebaystatic.com/cr/v/c1/market-sans/v1.0/MarketSans-Regular-WebS.woff2 was preloaded using link preload but not used within a few seconds from the window's load event. Please make sure it has an appropriate `as` value and it is preloaded intentionally. @ https://itm.ebaydesc.com/itmdesc/198087425425?t=0&category=27386&seller=lewi77&excSoj=1&ver=1&excTrk=1&lsite=77&ittenable=false&domain=ebay.com&descgauge=1&cspheader=1&oneClk=2&secureDesc=1:0
