[    4439ms] [ERROR] Error logged with the Track&Report JS errors API(http://tiny/1covqr6l8/wamazindeClieUserJava): {"m":"Late loading module @m/mash","csm":"v5 ueLogError callee","logLevel":"WARN","attribution":"MIX","pageURL":"https://www.amazon.ie/","s":[],"t":3661} {m: Late loading module @m/mash, name: undefined, type: undefined, csm: v5 ueLogError callee, logLevel: WARN} @ https://images-eu.ssl-images-amazon.com/images/I/215h87l68bL.js:3
[   15732ms] [WARNING] The resource https://redirect.prod.experiment.routing.cloudfront.aws.a2z.com/x.png?timestamp=1778086053498 was preloaded using link preload but not used within a few seconds from the window's load event. Please make sure it has an appropriate `as` value and it is preloaded intentionally. @ https://www.amazon.ie/:0
[   20870ms] [WARNING] The resource https://redirect.prod.experiment.routing.cloudfront.aws.a2z.com/x.png?timestamp=1778086053498 was preloaded using link preload but not used within a few seconds from the window's load event. Please make sure it has an appropriate `as` value and it is preloaded intentionally. @ https://www.amazon.ie/:0
[   26160ms] [WARNING] The resource https://redirect.prod.experiment.routing.cloudfront.aws.a2z.com/x.png?timestamp=1778086053498 was preloaded using link preload but not used within a few seconds from the window's load event. Please make sure it has an appropriate `as` value and it is preloaded intentionally. @ https://www.amazon.ie/:0
[   33053ms] [WARNING] The resource https://redirect.prod.experiment.routing.cloudfront.aws.a2z.com/x.png?timestamp=1778086053498 was preloaded using link preload but not used within a few seconds from the window's load event. Please make sure it has an appropriate `as` value and it is preloaded intentionally. @ https://www.amazon.ie/:0
[   38066ms] [WARNING] The resource https://redirect.prod.experiment.routing.cloudfront.aws.a2z.com/x.png?timestamp=1778086053498 was preloaded using link preload but not used within a few seconds from the window's load event. Please make sure it has an appropriate `as` value and it is preloaded intentionally. @ https://www.amazon.ie/:0
[   45601ms] [WARNING] The resource https://redirect.prod.experiment.routing.cloudfront.aws.a2z.com/x.png?timestamp=1778086053498 was preloaded using link preload but not used within a few seconds from the window's load event. Please make sure it has an appropriate `as` value and it is preloaded intentionally. @ https://www.amazon.ie/:0
[   54628ms] [VERBOSE] [DOM] Input elements should have autocomplete attributes (suggested: "current-password"): (More info: https://goo.gl/9p2vKq) %o @ https://www.amazon.ie/ap/signin?openid.return_to=https%3A%2F%2Fwww.amazon.ie%2F%3Fref_%3Dnav_signin&openid.identity=http%3A%2F%2Fspecs.openid.net%2Fauth%2F2.0%2Fidentifier_select&openid.assoc_handle=ieflex&openid.mode=checkid_setup&openid.claimed_id=http%3A%2F%2Fspecs.openid.net%2Fauth%2F2.0%2Fidentifier_select&openid.ns=http%3A%2F%2Fspecs.openid.net%2Fauth%2F2.0:0
[   62542ms] [WARNING] AbortFromContinueButtonClick @ https://m.media-amazon.com/images/I/71lBQVKaNZL.js?AUIClients/IdentityWebAuthnAssets:345
[   62542ms] [ERROR] Unable to publish metrics Error: Expected field name to be a string, but it was a undefined
    at c.default (https://m.media-amazon.com/images/I/71lBQVKaNZL.js?AUIClients/IdentityWebAuthnAssets:142:83)
    at b.value (https://m.media-amazon.com/images/I/71lBQVKaNZL.js?AUIClients/IdentityWebAuthnAssets:162:216)
    at b.value (https://m.media-amazon.com/images/I/71lBQVKaNZL.js?AUIClients/IdentityWebAuthnAssets:167:386)
    at https://m.media-amazon.com/images/I/71lBQVKaNZL.js?AUIClients/IdentityWebAuthnAssets:135:303
    at a.value (https://m.media-amazon.com/images/I/71lBQVKaNZL.js?AUIClients/IdentityWebAuthnAssets:134:161)
    at a.value (https://m.media-amazon.com/images/I/71lBQVKaNZL.js?AUIClients/IdentityWebAuthnAssets:135:50)
    at a.value (https://m.media-amazon.com/images/I/71lBQVKaNZL.js?AUIClients/IdentityWebAuthnAssets:138:169)
    at a.value (https://m.media-amazon.com/images/I/71lBQVKaNZL.js?AUIClients/IdentityWebAuthnAssets:19:245)
    at a.value (https://m.media-amazon.com/images/I/71lBQVKaNZL.js?AUIClients/IdentityWebAuthnAssets:423:232)
    at a.value (https://m.media-amazon.com/images/I/71lBQVKaNZL.js?AUIClients/IdentityWebAuthnAssets:421:461) @ https://m.media-amazon.com/images/I/71lBQVKaNZL.js?AUIClients/IdentityWebAuthnAssets:15
[   65477ms] [WARNING] SecurityError: The relying party ID is not a registrable domain suffix of, nor equal to the current domain. Subsequently, fetching the .well-known/webauthn resource of the claimed RP ID was successful, but no listed origin matched the caller. @ https://m.media-amazon.com/images/I/71lBQVKaNZL.js?AUIClients/IdentityWebAuthnAssets:345
